src/App.tsx(4,24): error TS7016: Could not find a declaration file for module './pages/CampusFeed'. 'C:/Users/enere/Documents/GitHub/iKampus - Copy/src/pages/CampusFeed.jsx' implicitly has an 'any' type.
src/components/SideBar.tsx(3,3): error TS6133: 'Menu' is declared but its value is never read.
src/components/SideBar.tsx(5,3): error TS6133: 'Search' is declared but its value is never read.
src/components/SideBar.tsx(9,3): error TS6133: 'Settings' is declared but its value is never read.
src/components/SideBar.tsx(10,3): error TS6133: 'User' is declared but its value is never read.
src/pages/Chats.tsx(1,1): error TS6133: 'React' is declared but its value is never read.
src/pages/Chats.tsx(3,22): error TS7016: Could not find a declaration file for module '../components/chats/ChatList'. 'C:/Users/enere/Documents/GitHub/iKampus - Copy/src/components/chats/ChatList.jsx' implicitly has an 'any' type.
src/pages/Chats.tsx(4,29): error TS7016: Could not find a declaration file for module '../components/chats/ChatDetailEmpty'. 'C:/Users/enere/Documents/GitHub/iKampus - Copy/src/components/chats/ChatDetailEmpty.jsx' implicitly has an 'any' type.
src/pages/Projects.tsx(1,1): error TS6133: 'React' is declared but its value is never read.
src/pages/Projects.tsx(3,25): error TS7016: Could not find a declaration file for module '../components/project/ProjectCard'. 'C:/Users/enere/Documents/GitHub/iKampus - Copy/src/components/project/ProjectCard.jsx' implicitly has an 'any' type.
